INFO:__main__:Grant #1 classification (div) DONE			Quelles sont les mathématiques utilisées par les ingénieurs au quotidien? Une étude sur les pratiques des ingénieurs pour déterminer leurs besoins mathématiques (Education and social work)
INFO:__main__:Grant #2 classification (div) DONE			High-tech paper: Security printing and the aesthetics of trust (Communications, media studies, gender studies, library and information science, related fields)
INFO:__main__:Grant #3 classification (div) DONE			Integrin Alpha8 is a novel mediator of T lymphocyte migration across the CNS barriers (Systems & Circuits Neurosciences)
INFO:__main__:Grant #4 classification (div) DONE			Growing up trans: A qualitative, international, and longitudinal investigation of trans youth access to gender affirming medical care, gender affirmation and well-being (Social & Developmental Aspects of Children's & Youth's Health)
INFO:__main__:Grant #5 classification (div) DONE			Programmable DNA-based switches and nanomachines for sensing and drug delivery applications (Chemistry)
INFO:__main__:Grant #6 classification (div) DONE			Interactions between attention, perception and reaching movements (Biological Systems and Functions)
INFO:__main__:Grant #7 classification (div) DONE			Design and Management of Fog Networks (Computer Science)
INFO:__main__:Grant #8 classification (div) DONE			Polymer Porous Fibrous Structures with Antiviral Properties (Materials and Chemical Engineering)
INFO:__main__:Grant #9 classification (div) DONE			L'art Noir: cartographies for an emerging field (Multidisciplinary or interdisciplinary humanities)
INFO:__main__:Grant #10 classification (div) DONE			System Identification of Human Postural Control: A Multimodal Sensory Stimulation Approach for Diagnosing Balance Disorders
INFO:__main__:Grant #11 classification (div) DONE			Transitioning patients with advanced chronic kidney disease to home or facility dialysis: understanding the experience and quality of life for patients and their caregivers (TRANSIT-CARE)
INFO:__main__:Grant #12 classification (div) DONE			Tenrikyo and the Rise and Fall of New Religions in Japan (Philosophy, medieval studies, classics, religious)
INFO:__main__:Grant #13 classification (div) DONE			Systems biology of size control in eukaryotes (Genes, Cells and Molecules)
INFO:__main__:Grant #14 classification (div) DONE			Drop-based microfluidics (DBM) for single cell studies and ultrahigh-throughput phenotypic screens and lab evolution (Genes, Cells and Molecules)
INFO:__main__:Grant #15 classification (div) DONE			Neural repair in glaucoma: the role of insulin signaling (Cell Biology – Disease)
INFO:__main__:Grant #16 classification (div) DONE			Impacts des mesures de protection contre la COVID-19 sur la communication des personnes malentendantes
INFO:__main__:Grant #17 classification (div) DONE			Mixité sociale et scolaire en classe : perception des exigences professionnelles des étudiant·e·s en formation à l'enseignement au Québec et en Suisse (Education and social work)
INFO:__main__:Grant #18 classification (div) DONE			Discharges at/near gas-liquid and liquid-liquid interfaces: fundamental investigation and application in liquid processing and nanomaterial synthesis (Physics)
INFO:__main__:Grant #19 classification (div) DONE			Fully-Lagrangian three-dimensional modelling of river ice jam initiation
INFO:__main__:Grant #20 classification (div) DONE			Juger l'homosexualité, attribuer l'asile: le traitement des demandes d'asile OSIG au Canada (Political science and public administration)
